//mysql官网下载：http://dev.mysql.com/downloads/mysql/ 
//找到MySQL Community Server下载页面，平台选择“Red Hat Enterprise Linux 7/ Oracle Linux”，然后选择64位的bundle整合包下载
yum -y install perl-Data-Dumper  perl-JSON  perl-Time-HiRes  //mysql主要依赖包
tar -xvf mysql-5.7.17.tar  //解压缩下载软件包
systemctl start mysqld                  //启动mysql服务
systemctl enable mysqld                 //设置开机自启
systemctl status mysqld                 //查看mysql服务状态

grep 'temporary password' /var/log/mysqld.log   //log日志下查找的管理密码
mysql -u root -p'mtoa>Av<p6Yk'  //使用查找密码登陆
mysql>show databases;
ERROR 1820 (HY000): You must reset your password using ALTER USER statement before executing this statement. //系统要求重设置密码

mysql>set global validate_password_policy=0;      //设置密码规则为宽松模式
Query OK, 0 rows affected (0.00 sec)
mysql>set global validate_password_length=6；     //修改密码长度,默认值是8个字符 
Query OK, 0 rows affected (0.00 sec)
mysql> alter user user() identified by "123456";  //修改登陆密码
Query OK, 0 rows affected (0.00 sec)
mysql> exit                                  //退出 mysql> 环境

mysql -u root -p123456  //使用新密码重新登陆
mysql> show  databases;                                //查看现有的库
